go: cannot find main module, but found .git/config in /Users/san/Fun/sqlparser-rs
	to create a module there, run:
	go mod init
